Archive member included to satisfy reference by file (symbol)

c:/st/stm32cubeide_1.6.1/stm32cubeide/plugins/com.st.stm32cube.ide.mcu.externaltools.gnu-tools-for-stm32.9-2020-q2-update.win32_1.5.0.202011040924/tools/bin/../lib/gcc/arm-none-eabi/9.3.1/../../../../arm-none-eabi/lib/thumb/v7-m/nofp\libc_nano.a(lib_a-errno.o)
                              src/bsp/syscalls.o (__errno)
c:/st/stm32cubeide_1.6.1/stm32cubeide/plugins/com.st.stm32cube.ide.mcu.externaltools.gnu-tools-for-stm32.9-2020-q2-update.win32_1.5.0.202011040924/tools/bin/../lib/gcc/arm-none-eabi/9.3.1/../../../../arm-none-eabi/lib/thumb/v7-m/nofp\libc_nano.a(lib_a-exit.o)
                              c:/st/stm32cubeide_1.6.1/stm32cubeide/plugins/com.st.stm32cube.ide.mcu.externaltools.gnu-tools-for-stm32.9-2020-q2-update.win32_1.5.0.202011040924/tools/bin/../lib/gcc/arm-none-eabi/9.3.1/../../../../arm-none-eabi/lib/thumb/v7-m/nofp/crt0.o (exit)
c:/st/stm32cubeide_1.6.1/stm32cubeide/plugins/com.st.stm32cube.ide.mcu.externaltools.gnu-tools-for-stm32.9-2020-q2-update.win32_1.5.0.202011040924/tools/bin/../lib/gcc/arm-none-eabi/9.3.1/../../../../arm-none-eabi/lib/thumb/v7-m/nofp\libc_nano.a(lib_a-impure.o)
                              c:/st/stm32cubeide_1.6.1/stm32cubeide/plugins/com.st.stm32cube.ide.mcu.externaltools.gnu-tools-for-stm32.9-2020-q2-update.win32_1.5.0.202011040924/tools/bin/../lib/gcc/arm-none-eabi/9.3.1/../../../../arm-none-eabi/lib/thumb/v7-m/nofp\libc_nano.a(lib_a-exit.o) (_global_impure_ptr)
c:/st/stm32cubeide_1.6.1/stm32cubeide/plugins/com.st.stm32cube.ide.mcu.externaltools.gnu-tools-for-stm32.9-2020-q2-update.win32_1.5.0.202011040924/tools/bin/../lib/gcc/arm-none-eabi/9.3.1/../../../../arm-none-eabi/lib/thumb/v7-m/nofp\libc_nano.a(lib_a-init.o)
                              c:/st/stm32cubeide_1.6.1/stm32cubeide/plugins/com.st.stm32cube.ide.mcu.externaltools.gnu-tools-for-stm32.9-2020-q2-update.win32_1.5.0.202011040924/tools/bin/../lib/gcc/arm-none-eabi/9.3.1/../../../../arm-none-eabi/lib/thumb/v7-m/nofp/crt0.o (__libc_init_array)
c:/st/stm32cubeide_1.6.1/stm32cubeide/plugins/com.st.stm32cube.ide.mcu.externaltools.gnu-tools-for-stm32.9-2020-q2-update.win32_1.5.0.202011040924/tools/bin/../lib/gcc/arm-none-eabi/9.3.1/../../../../arm-none-eabi/lib/thumb/v7-m/nofp\libc_nano.a(lib_a-memset.o)
                              c:/st/stm32cubeide_1.6.1/stm32cubeide/plugins/com.st.stm32cube.ide.mcu.externaltools.gnu-tools-for-stm32.9-2020-q2-update.win32_1.5.0.202011040924/tools/bin/../lib/gcc/arm-none-eabi/9.3.1/../../../../arm-none-eabi/lib/thumb/v7-m/nofp/crt0.o (memset)

Discarded input sections

 .text          0x0000000000000000        0x0 c:/st/stm32cubeide_1.6.1/stm32cubeide/plugins/com.st.stm32cube.ide.mcu.externaltools.gnu-tools-for-stm32.9-2020-q2-update.win32_1.5.0.202011040924/tools/bin/../lib/gcc/arm-none-eabi/9.3.1/thumb/v7-m/nofp/crti.o
 .data          0x0000000000000000        0x0 c:/st/stm32cubeide_1.6.1/stm32cubeide/plugins/com.st.stm32cube.ide.mcu.externaltools.gnu-tools-for-stm32.9-2020-q2-update.win32_1.5.0.202011040924/tools/bin/../lib/gcc/arm-none-eabi/9.3.1/thumb/v7-m/nofp/crti.o
 .bss           0x0000000000000000        0x0 c:/st/stm32cubeide_1.6.1/stm32cubeide/plugins/com.st.stm32cube.ide.mcu.externaltools.gnu-tools-for-stm32.9-2020-q2-update.win32_1.5.0.202011040924/tools/bin/../lib/gcc/arm-none-eabi/9.3.1/thumb/v7-m/nofp/crti.o
 .data          0x0000000000000000        0x4 c:/st/stm32cubeide_1.6.1/stm32cubeide/plugins/com.st.stm32cube.ide.mcu.externaltools.gnu-tools-for-stm32.9-2020-q2-update.win32_1.5.0.202011040924/tools/bin/../lib/gcc/arm-none-eabi/9.3.1/thumb/v7-m/nofp/crtbegin.o
 .text          0x0000000000000000       0x7c c:/st/stm32cubeide_1.6.1/stm32cubeide/plugins/com.st.stm32cube.ide.mcu.externaltools.gnu-tools-for-stm32.9-2020-q2-update.win32_1.5.0.202011040924/tools/bin/../lib/gcc/arm-none-eabi/9.3.1/../../../../arm-none-eabi/lib/thumb/v7-m/nofp/crt0.o
 .data          0x0000000000000000        0x0 c:/st/stm32cubeide_1.6.1/stm32cubeide/plugins/com.st.stm32cube.ide.mcu.externaltools.gnu-tools-for-stm32.9-2020-q2-update.win32_1.5.0.202011040924/tools/bin/../lib/gcc/arm-none-eabi/9.3.1/../../../../arm-none-eabi/lib/thumb/v7-m/nofp/crt0.o
 .bss           0x0000000000000000        0x0 c:/st/stm32cubeide_1.6.1/stm32cubeide/plugins/com.st.stm32cube.ide.mcu.externaltools.gnu-tools-for-stm32.9-2020-q2-update.win32_1.5.0.202011040924/tools/bin/../lib/gcc/arm-none-eabi/9.3.1/../../../../arm-none-eabi/lib/thumb/v7-m/nofp/crt0.o
 .ARM.extab     0x0000000000000000        0x0 c:/st/stm32cubeide_1.6.1/stm32cubeide/plugins/com.st.stm32cube.ide.mcu.externaltools.gnu-tools-for-stm32.9-2020-q2-update.win32_1.5.0.202011040924/tools/bin/../lib/gcc/arm-none-eabi/9.3.1/../../../../arm-none-eabi/lib/thumb/v7-m/nofp/crt0.o
 .ARM.exidx     0x0000000000000000       0x10 c:/st/stm32cubeide_1.6.1/stm32cubeide/plugins/com.st.stm32cube.ide.mcu.externaltools.gnu-tools-for-stm32.9-2020-q2-update.win32_1.5.0.202011040924/tools/bin/../lib/gcc/arm-none-eabi/9.3.1/../../../../arm-none-eabi/lib/thumb/v7-m/nofp/crt0.o
 .ARM.attributes
                0x0000000000000000       0x1b c:/st/stm32cubeide_1.6.1/stm32cubeide/plugins/com.st.stm32cube.ide.mcu.externaltools.gnu-tools-for-stm32.9-2020-q2-update.win32_1.5.0.202011040924/tools/bin/../lib/gcc/arm-none-eabi/9.3.1/../../../../arm-none-eabi/lib/thumb/v7-m/nofp/crt0.o
 .group         0x0000000000000000        0xc src/ap/ap.o
 .group         0x0000000000000000        0xc src/ap/ap.o
 .group         0x0000000000000000        0xc src/ap/ap.o
 .group         0x0000000000000000        0xc src/ap/ap.o
 .group         0x0000000000000000        0xc src/ap/ap.o
 .group         0x0000000000000000        0xc src/ap/ap.o
 .group         0x0000000000000000        0xc src/ap/ap.o
 .group         0x0000000000000000        0xc src/ap/ap.o
 .group         0x0000000000000000        0xc src/ap/ap.o
 .group         0x0000000000000000        0xc src/ap/ap.o
 .group         0x0000000000000000        0xc src/ap/ap.o
 .group         0x0000000000000000        0xc src/ap/ap.o
 .group         0x0000000000000000        0xc src/ap/ap.o
 .group         0x0000000000000000        0xc src/ap/ap.o
 .group         0x0000000000000000        0xc src/ap/ap.o
 .group         0x0000000000000000        0xc src/ap/ap.o
 .group         0x0000000000000000        0xc src/ap/ap.o
 .group         0x0000000000000000        0xc src/ap/ap.o
 .group         0x0000000000000000        0xc src/ap/ap.o
 .group         0x0000000000000000        0xc src/ap/ap.o
 .group         0x0000000000000000        0xc src/ap/ap.o
 .group         0x0000000000000000        0xc src/ap/ap.o
 .group         0x0000000000000000        0xc src/ap/ap.o
 .group         0x0000000000000000        0xc src/ap/ap.o
 .group         0x0000000000000000        0xc src/ap/ap.o
 .group         0x0000000000000000        0xc src/ap/ap.o
 .group         0x0000000000000000        0xc src/ap/ap.o
 .group         0x0000000000000000        0xc src/ap/ap.o
 .group         0x0000000000000000        0xc src/ap/ap.o
 .group         0x0000000000000000        0xc src/ap/ap.o
 .group         0x0000000000000000        0xc src/ap/ap.o
 .group         0x0000000000000000        0xc src/ap/ap.o
 .group         0x0000000000000000        0xc src/ap/ap.o
 .group         0x0000000000000000        0xc src/ap/ap.o
 .group         0x0000000000000000        0xc src/ap/ap.o
 .group         0x0000000000000000        0xc src/ap/ap.o
 .text          0x0000000000000000        0x0 src/ap/ap.o
 .data          0x0000000000000000        0x0 src/ap/ap.o
 .bss           0x0000000000000000        0x0 src/ap/ap.o
 .group         0x0000000000000000        0xc src/bsp/bsp.o
 .group         0x0000000000000000        0xc src/bsp/bsp.o
 .group         0x0000000000000000        0xc src/bsp/bsp.o
 .group         0x0000000000000000        0xc src/bsp/bsp.o
 .group         0x0000000000000000        0xc src/bsp/bsp.o
 .group         0x0000000000000000        0xc src/bsp/bsp.o
 .group         0x0000000000000000        0xc src/bsp/bsp.o
 .group         0x0000000000000000        0xc src/bsp/bsp.o
 .group         0x0000000000000000        0xc src/bsp/bsp.o
 .group         0x0000000000000000        0xc src/bsp/bsp.o
 .group         0x0000000000000000        0xc src/bsp/bsp.o
 .group         0x0000000000000000        0xc src/bsp/bsp.o
 .group         0x0000000000000000        0xc src/bsp/bsp.o
 .group         0x0000000000000000        0xc src/bsp/bsp.o
 .group         0x0000000000000000        0xc src/bsp/bsp.o
 .group         0x0000000000000000        0xc src/bsp/bsp.o
 .group         0x0000000000000000        0xc src/bsp/bsp.o
 .group         0x0000000000000000        0xc src/bsp/bsp.o
 .group         0x0000000000000000        0xc src/bsp/bsp.o
 .group         0x0000000000000000        0xc src/bsp/bsp.o
 .group         0x0000000000000000        0xc src/bsp/bsp.o
 .group         0x0000000000000000        0xc src/bsp/bsp.o
 .group         0x0000000000000000        0xc src/bsp/bsp.o
 .group         0x0000000000000000        0xc src/bsp/bsp.o
 .group         0x0000000000000000        0xc src/bsp/bsp.o
 .group         0x0000000000000000        0xc src/bsp/bsp.o
 .group         0x0000000000000000        0xc src/bsp/bsp.o
 .group         0x0000000000000000        0xc src/bsp/bsp.o
 .group         0x0000000000000000        0xc src/bsp/bsp.o
 .group         0x0000000000000000        0xc src/bsp/bsp.o
 .group         0x0000000000000000        0xc src/bsp/bsp.o
 .group         0x0000000000000000        0xc src/bsp/bsp.o
 .group         0x0000000000000000        0xc src/bsp/bsp.o
 .group         0x0000000000000000        0xc src/bsp/bsp.o
 .group         0x0000000000000000        0xc src/bsp/bsp.o
 .group         0x0000000000000000        0xc src/bsp/bsp.o
 .text          0x0000000000000000        0x0 src/bsp/bsp.o
 .data          0x0000000000000000        0x0 src/bsp/bsp.o
 .bss           0x0000000000000000        0x0 src/bsp/bsp.o
 .text.delay    0x0000000000000000       0x12 src/bsp/bsp.o
 .text.millis   0x0000000000000000        0xe src/bsp/bsp.o
 .debug_macro   0x0000000000000000      0xa8a src/bsp/bsp.o
 .debug_macro   0x0000000000000000       0x22 src/bsp/bsp.o
 .debug_macro   0x0000000000000000       0x4c src/bsp/bsp.o
 .debug_macro   0x0000000000000000       0x18 src/bsp/bsp.o
 .debug_macro   0x0000000000000000       0x94 src/bsp/bsp.o
 .debug_macro   0x0000000000000000       0x3c src/bsp/bsp.o
 .debug_macro   0x0000000000000000       0x34 src/bsp/bsp.o
 .debug_macro   0x0000000000000000       0x16 src/bsp/bsp.o
 .debug_macro   0x0000000000000000       0x57 src/bsp/bsp.o
 .debug_macro   0x0000000000000000       0x97 src/bsp/bsp.o
 .debug_macro   0x0000000000000000      0x339 src/bsp/bsp.o
 .debug_macro   0x0000000000000000       0xfd src/bsp/bsp.o
 .debug_macro   0x0000000000000000       0x10 src/bsp/bsp.o
 .debug_macro   0x0000000000000000       0x16 src/bsp/bsp.o
 .debug_macro   0x0000000000000000       0x43 src/bsp/bsp.o
 .debug_macro   0x0000000000000000       0x34 src/bsp/bsp.o
 .debug_macro   0x0000000000000000       0x10 src/bsp/bsp.o
 .debug_macro   0x0000000000000000       0x58 src/bsp/bsp.o
 .debug_macro   0x0000000000000000       0x71 src/bsp/bsp.o
 .debug_macro   0x0000000000000000       0x1c src/bsp/bsp.o
 .debug_macro   0x0000000000000000      0x12a src/bsp/bsp.o
 .debug_macro   0x0000000000000000       0x10 src/bsp/bsp.o
 .debug_macro   0x0000000000000000       0x6a src/bsp/bsp.o
 .debug_macro   0x0000000000000000       0x1c src/bsp/bsp.o
 .debug_macro   0x0000000000000000       0x52 src/bsp/bsp.o
 .debug_macro   0x0000000000000000       0x22 src/bsp/bsp.o
 .debug_macro   0x0000000000000000       0x10 src/bsp/bsp.o
 .debug_macro   0x0000000000000000       0x40 src/bsp/bsp.o
 .debug_macro   0x0000000000000000       0xd5 src/bsp/bsp.o
 .debug_macro   0x0000000000000000       0x1c src/bsp/bsp.o
 .debug_macro   0x0000000000000000       0x3d src/bsp/bsp.o
 .debug_macro   0x0000000000000000       0x16 src/bsp/bsp.o
 .debug_macro   0x0000000000000000      0x145 src/bsp/bsp.o
 .debug_macro   0x0000000000000000      0x103 src/bsp/bsp.o
 .debug_macro   0x0000000000000000      0x1df src/bsp/bsp.o
 .debug_macro   0x0000000000000000       0x22 src/bsp/bsp.o
 .group         0x0000000000000000        0xc src/bsp/syscalls.o
 .group         0x0000000000000000        0xc src/bsp/syscalls.o
 .group         0x0000000000000000        0xc src/bsp/syscalls.o
 .group         0x0000000000000000        0xc src/bsp/syscalls.o
 .group         0x0000000000000000        0xc src/bsp/syscalls.o
 .group         0x0000000000000000        0xc src/bsp/syscalls.o
 .group         0x0000000000000000        0xc src/bsp/syscalls.o
 .group         0x0000000000000000        0xc src/bsp/syscalls.o
 .group         0x0000000000000000        0xc src/bsp/syscalls.o
 .group         0x0000000000000000        0xc src/bsp/syscalls.o
 .group         0x0000000000000000        0xc src/bsp/syscalls.o
 .group         0x0000000000000000        0xc src/bsp/syscalls.o
 .group         0x0000000000000000        0xc src/bsp/syscalls.o
 .group         0x0000000000000000        0xc src/bsp/syscalls.o
 .group         0x0000000000000000        0xc src/bsp/syscalls.o
 .group         0x0000000000000000        0xc src/bsp/syscalls.o
 .group         0x0000000000000000        0xc src/bsp/syscalls.o
 .group         0x0000000000000000        0xc src/bsp/syscalls.o
 .group         0x0000000000000000        0xc src/bsp/syscalls.o
 .group         0x0000000000000000        0xc src/bsp/syscalls.o
 .group         0x0000000000000000        0xc src/bsp/syscalls.o
 .group         0x0000000000000000        0xc src/bsp/syscalls.o
 .group         0x0000000000000000        0xc src/bsp/syscalls.o
 .group         0x0000000000000000        0xc src/bsp/syscalls.o
 .group         0x0000000000000000        0xc src/bsp/syscalls.o
 .group         0x0000000000000000        0xc src/bsp/syscalls.o
 .group         0x0000000000000000        0xc src/bsp/syscalls.o
 .group         0x0000000000000000        0xc src/bsp/syscalls.o
 .group         0x0000000000000000        0xc src/bsp/syscalls.o
 .group         0x0000000000000000        0xc src/bsp/syscalls.o
 .group         0x0000000000000000        0xc src/bsp/syscalls.o
 .group         0x0000000000000000        0xc src/bsp/syscalls.o
 .group         0x0000000000000000        0xc src/bsp/syscalls.o
 .group         0x0000000000000000        0xc src/bsp/syscalls.o
 .group         0x0000000000000000        0xc src/bsp/syscalls.o
 .group         0x0000000000000000        0xc src/bsp/syscalls.o
 .group         0x0000000000000000        0xc src/bsp/syscalls.o
 .group         0x0000000000000000        0xc src/bsp/syscalls.o
 .group         0x0000000000000000        0xc src/bsp/syscalls.o
 .group         0x0000000000000000        0xc src/bsp/syscalls.o
 .group         0x0000000000000000        0xc src/bsp/syscalls.o
 .group         0x0000000000000000        0xc src/bsp/syscalls.o
 .group         0x0000000000000000        0xc src/bsp/syscalls.o
 .group         0x0000000000000000        0xc src/bsp/syscalls.o
 .group         0x0000000000000000        0xc src/bsp/syscalls.o
 .group         0x0000000000000000        0xc src/bsp/syscalls.o
 .group         0x0000000000000000        0xc src/bsp/syscalls.o
 .text          0x0000000000000000        0x0 src/bsp/syscalls.o
 .data          0x0000000000000000        0x0 src/bsp/syscalls.o
 .bss           0x0000000000000000        0x0 src/bsp/syscalls.o
 .bss.__env     0x0000000000000000        0x4 src/bsp/syscalls.o
 .data.environ  0x0000000000000000        0x4 src/bsp/syscalls.o
 .text.initialise_monitor_handles
                0x0000000000000000        0xc src/bsp/syscalls.o
 .text._getpid  0x0000000000000000        0xe src/bsp/syscalls.o
 .text._kill    0x0000000000000000       0x20 src/bsp/syscalls.o
 .text._exit    0x0000000000000000       0x14 src/bsp/syscalls.o
 .text._read    0x0000000000000000       0x3a src/bsp/syscalls.o
 .text._write   0x0000000000000000       0x38 src/bsp/syscalls.o
 .text._close   0x0000000000000000       0x16 src/bsp/syscalls.o
 .text._fstat   0x0000000000000000       0x1e src/bsp/syscalls.o
 .text._isatty  0x0000000000000000       0x14 src/bsp/syscalls.o
 .text._lseek   0x0000000000000000       0x18 src/bsp/syscalls.o
 .text._open    0x0000000000000000       0x1a src/bsp/syscalls.o
 .text._wait    0x0000000000000000       0x1e src/bsp/syscalls.o
 .text._unlink  0x0000000000000000       0x1e src/bsp/syscalls.o
 .text._times   0x0000000000000000       0x16 src/bsp/syscalls.o
 .text._stat    0x0000000000000000       0x1e src/bsp/syscalls.o
 .text._link    0x0000000000000000       0x20 src/bsp/syscalls.o
 .text._fork    0x0000000000000000       0x16 src/bsp/syscalls.o
 .text._execve  0x0000000000000000       0x22 src/bsp/syscalls.o
 .debug_info    0x0000000000000000      0xfa8 src/bsp/syscalls.o
 .debug_abbrev  0x0000000000000000      0x286 src/bsp/syscalls.o
 .debug_aranges
                0x0000000000000000       0xa8 src/bsp/syscalls.o
 .debug_ranges  0x0000000000000000       0x98 src/bsp/syscalls.o
 .debug_macro   0x0000000000000000      0x24c src/bsp/syscalls.o
 .debug_macro   0x0000000000000000      0xa8a src/bsp/syscalls.o
 .debug_macro   0x0000000000000000       0x22 src/bsp/syscalls.o
 .debug_macro   0x0000000000000000       0x4c src/bsp/syscalls.o
 .debug_macro   0x0000000000000000       0x18 src/bsp/syscalls.o
 .debug_macro   0x0000000000000000       0x94 src/bsp/syscalls.o
 .debug_macro   0x0000000000000000       0x3c src/bsp/syscalls.o
 .debug_macro   0x0000000000000000       0x34 src/bsp/syscalls.o
 .debug_macro   0x0000000000000000       0x57 src/bsp/syscalls.o
 .debug_macro   0x0000000000000000      0x174 src/bsp/syscalls.o
 .debug_macro   0x0000000000000000      0x339 src/bsp/syscalls.o
 .debug_macro   0x0000000000000000       0x16 src/bsp/syscalls.o
 .debug_macro   0x0000000000000000       0x43 src/bsp/syscalls.o
 .debug_macro   0x0000000000000000       0x34 src/bsp/syscalls.o
 .debug_macro   0x0000000000000000       0x10 src/bsp/syscalls.o
 .debug_macro   0x0000000000000000       0x58 src/bsp/syscalls.o
 .debug_macro   0x0000000000000000       0x71 src/bsp/syscalls.o
 .debug_macro   0x0000000000000000       0x1c src/bsp/syscalls.o
 .debug_macro   0x0000000000000000      0x12a src/bsp/syscalls.o
 .debug_macro   0x0000000000000000       0x10 src/bsp/syscalls.o
 .debug_macro   0x0000000000000000       0x35 src/bsp/syscalls.o
 .debug_macro   0x0000000000000000       0x10 src/bsp/syscalls.o
 .debug_macro   0x0000000000000000       0x10 src/bsp/syscalls.o
 .debug_macro   0x0000000000000000       0x10 src/bsp/syscalls.o
 .debug_macro   0x0000000000000000       0x6a src/bsp/syscalls.o
 .debug_macro   0x0000000000000000       0x1c src/bsp/syscalls.o
 .debug_macro   0x0000000000000000       0x52 src/bsp/syscalls.o
 .debug_macro   0x0000000000000000       0x22 src/bsp/syscalls.o
 .debug_macro   0x0000000000000000       0x10 src/bsp/syscalls.o
 .debug_macro   0x0000000000000000       0x40 src/bsp/syscalls.o
 .debug_macro   0x0000000000000000       0xd5 src/bsp/syscalls.o
 .debug_macro   0x0000000000000000       0x1c src/bsp/syscalls.o
 .debug_macro   0x0000000000000000       0x3d src/bsp/syscalls.o
 .debug_macro   0x0000000000000000       0x35 src/bsp/syscalls.o
 .debug_macro   0x0000000000000000      0x12c src/bsp/syscalls.o
 .debug_macro   0x0000000000000000       0x16 src/bsp/syscalls.o
 .debug_macro   0x0000000000000000       0x16 src/bsp/syscalls.o
 .debug_macro   0x0000000000000000       0x29 src/bsp/syscalls.o
 .debug_macro   0x0000000000000000       0x10 src/bsp/syscalls.o
 .debug_macro   0x0000000000000000      0x241 src/bsp/syscalls.o
 .debug_macro   0x0000000000000000       0x1c src/bsp/syscalls.o
 .debug_macro   0x0000000000000000       0x10 src/bsp/syscalls.o
 .debug_macro   0x0000000000000000       0x10 src/bsp/syscalls.o
 .debug_macro   0x0000000000000000       0x16 src/bsp/syscalls.o
 .debug_macro   0x0000000000000000      0x145 src/bsp/syscalls.o
 .debug_macro   0x0000000000000000      0x189 src/bsp/syscalls.o
 .debug_macro   0x0000000000000000       0x16 src/bsp/syscalls.o
 .debug_macro   0x0000000000000000       0xce src/bsp/syscalls.o
 .debug_line    0x0000000000000000      0x801 src/bsp/syscalls.o
 .debug_str     0x0000000000000000     0x8e64 src/bsp/syscalls.o
 .comment       0x0000000000000000       0x54 src/bsp/syscalls.o
 .debug_frame   0x0000000000000000      0x2ac src/bsp/syscalls.o
 .ARM.attributes
                0x0000000000000000       0x2d src/bsp/syscalls.o
 .group         0x0000000000000000        0xc src/bsp/sysmem.o
 .group         0x0000000000000000        0xc src/bsp/sysmem.o
 .group         0x0000000000000000        0xc src/bsp/sysmem.o
 .group         0x0000000000000000        0xc src/bsp/sysmem.o
 .group         0x0000000000000000        0xc src/bsp/sysmem.o
 .group         0x0000000000000000        0xc src/bsp/sysmem.o
 .group         0x0000000000000000        0xc src/bsp/sysmem.o
 .group         0x0000000000000000        0xc src/bsp/sysmem.o
 .group         0x0000000000000000        0xc src/bsp/sysmem.o
 .group         0x0000000000000000        0xc src/bsp/sysmem.o
 .group         0x0000000000000000        0xc src/bsp/sysmem.o
 .group         0x0000000000000000        0xc src/bsp/sysmem.o
 .group         0x0000000000000000        0xc src/bsp/sysmem.o
 .group         0x0000000000000000        0xc src/bsp/sysmem.o
 .group         0x0000000000000000        0xc src/bsp/sysmem.o
 .group         0x0000000000000000        0xc src/bsp/sysmem.o
 .group         0x0000000000000000        0xc src/bsp/sysmem.o
 .group         0x0000000000000000        0xc src/bsp/sysmem.o
 .group         0x0000000000000000        0xc src/bsp/sysmem.o
 .group         0x0000000000000000        0xc src/bsp/sysmem.o
 .group         0x0000000000000000        0xc src/bsp/sysmem.o
 .group         0x0000000000000000        0xc src/bsp/sysmem.o
 .text          0x0000000000000000        0x0 src/bsp/sysmem.o
 .data          0x0000000000000000        0x0 src/bsp/sysmem.o
 .bss           0x0000000000000000        0x0 src/bsp/sysmem.o
 .bss.__sbrk_heap_end
                0x0000000000000000        0x4 src/bsp/sysmem.o
 .text._sbrk    0x0000000000000000       0x6c src/bsp/sysmem.o
 .debug_info    0x0000000000000000      0xa25 src/bsp/sysmem.o
 .debug_abbrev  0x0000000000000000      0x1bf src/bsp/sysmem.o
 .debug_aranges
                0x0000000000000000       0x20 src/bsp/sysmem.o
 .debug_ranges  0x0000000000000000       0x10 src/bsp/sysmem.o
 .debug_macro   0x0000000000000000       0xff src/bsp/sysmem.o
 .debug_macro   0x0000000000000000      0xa8a src/bsp/sysmem.o
 .debug_macro   0x0000000000000000       0x10 src/bsp/sysmem.o
 .debug_macro   0x0000000000000000       0x22 src/bsp/sysmem.o
 .debug_macro   0x0000000000000000       0x4c src/bsp/sysmem.o
 .debug_macro   0x0000000000000000       0x18 src/bsp/sysmem.o
 .debug_macro   0x0000000000000000       0x94 src/bsp/sysmem.o
 .debug_macro   0x0000000000000000       0x3c src/bsp/sysmem.o
 .debug_macro   0x0000000000000000       0x34 src/bsp/sysmem.o
 .debug_macro   0x0000000000000000      0x174 src/bsp/sysmem.o
 .debug_macro   0x0000000000000000       0x16 src/bsp/sysmem.o
 .debug_macro   0x0000000000000000       0x43 src/bsp/sysmem.o
 .debug_macro   0x0000000000000000       0x57 src/bsp/sysmem.o
 .debug_macro   0x0000000000000000       0x34 src/bsp/sysmem.o
 .debug_macro   0x0000000000000000       0x10 src/bsp/sysmem.o
 .debug_macro   0x0000000000000000       0x58 src/bsp/sysmem.o
 .debug_macro   0x0000000000000000       0x71 src/bsp/sysmem.o
 .debug_macro   0x0000000000000000       0x1c src/bsp/sysmem.o
 .debug_macro   0x0000000000000000      0x12a src/bsp/sysmem.o
 .debug_macro   0x0000000000000000      0x23b src/bsp/sysmem.o
 .debug_macro   0x0000000000000000      0x103 src/bsp/sysmem.o
 .debug_macro   0x0000000000000000       0x6a src/bsp/sysmem.o
 .debug_macro   0x0000000000000000      0x1df src/bsp/sysmem.o
 .debug_line    0x0000000000000000      0x4f7 src/bsp/sysmem.o
 .debug_str     0x0000000000000000     0x6237 src/bsp/sysmem.o
 .comment       0x0000000000000000       0x54 src/bsp/sysmem.o
 .debug_frame   0x0000000000000000       0x34 src/bsp/sysmem.o
 .ARM.attributes
                0x0000000000000000       0x2d src/bsp/sysmem.o
 .text          0x0000000000000000       0x14 src/bsp/startup/startup_stm32f103c8tx.o
 .data          0x0000000000000000        0x0 src/bsp/startup/startup_stm32f103c8tx.o
 .bss           0x0000000000000000        0x0 src/bsp/startup/startup_stm32f103c8tx.o
 .group         0x0000000000000000        0xc src/common/def.o
 .text          0x0000000000000000        0x0 src/common/def.o
 .data          0x0000000000000000        0x0 src/common/def.o
 .bss           0x0000000000000000        0x0 src/common/def.o
 .debug_info    0x0000000000000000       0x21 src/common/def.o
 .debug_abbrev  0x0000000000000000       0x13 src/common/def.o
 .debug_aranges
                0x0000000000000000       0x18 src/common/def.o
 .debug_macro   0x0000000000000000       0x11 src/common/def.o
 .debug_macro   0x0000000000000000      0xa8a src/common/def.o
 .debug_line    0x0000000000000000       0x34 src/common/def.o
 .debug_str     0x0000000000000000     0x2d4d src/common/def.o
 .comment       0x0000000000000000       0x54 src/common/def.o
 .ARM.attributes
                0x0000000000000000       0x33 src/common/def.o
 .group         0x0000000000000000        0xc src/hw/hw.o
 .group         0x0000000000000000        0xc src/hw/hw.o
 .group         0x0000000000000000        0xc src/hw/hw.o
 .group         0x0000000000000000        0xc src/hw/hw.o
 .group         0x0000000000000000        0xc src/hw/hw.o
 .group         0x0000000000000000        0xc src/hw/hw.o
 .group         0x0000000000000000        0xc src/hw/hw.o
 .group         0x0000000000000000        0xc src/hw/hw.o
 .group         0x0000000000000000        0xc src/hw/hw.o
 .group         0x0000000000000000        0xc src/hw/hw.o
 .group         0x0000000000000000        0xc src/hw/hw.o
 .group         0x0000000000000000        0xc src/hw/hw.o
 .group         0x0000000000000000        0xc src/hw/hw.o
 .group         0x0000000000000000        0xc src/hw/hw.o
 .group         0x0000000000000000        0xc src/hw/hw.o
 .group         0x0000000000000000        0xc src/hw/hw.o
 .group         0x0000000000000000        0xc src/hw/hw.o
 .group         0x0000000000000000        0xc src/hw/hw.o
 .group         0x0000000000000000        0xc src/hw/hw.o
 .group         0x0000000000000000        0xc src/hw/hw.o
 .group         0x0000000000000000        0xc src/hw/hw.o
 .group         0x0000000000000000        0xc src/hw/hw.o
 .group         0x0000000000000000        0xc src/hw/hw.o
 .group         0x0000000000000000        0xc src/hw/hw.o
 .group         0x0000000000000000        0xc src/hw/hw.o
 .group         0x0000000000000000        0xc src/hw/hw.o
 .group         0x0000000000000000        0xc src/hw/hw.o
 .group         0x0000000000000000        0xc src/hw/hw.o
 .group         0x0000000000000000        0xc src/hw/hw.o
 .group         0x0000000000000000        0xc src/hw/hw.o
 .group         0x0000000000000000        0xc src/hw/hw.o
 .group         0x0000000000000000        0xc src/hw/hw.o
 .group         0x0000000000000000        0xc src/hw/hw.o
 .group         0x0000000000000000        0xc src/hw/hw.o
 .group         0x0000000000000000        0xc src/hw/hw.o
 .group         0x0000000000000000        0xc src/hw/hw.o
 .text          0x0000000000000000        0x0 src/hw/hw.o
 .data          0x0000000000000000        0x0 src/hw/hw.o
 .bss           0x0000000000000000        0x0 src/hw/hw.o
 .debug_macro   0x0000000000000000      0xa8a src/hw/hw.o
 .debug_macro   0x0000000000000000       0x22 src/hw/hw.o
 .debug_macro   0x0000000000000000       0x4c src/hw/hw.o
 .debug_macro   0x0000000000000000       0x18 src/hw/hw.o
 .debug_macro   0x0000000000000000       0x94 src/hw/hw.o
 .debug_macro   0x0000000000000000       0x3c src/hw/hw.o
 .debug_macro   0x0000000000000000       0x34 src/hw/hw.o
 .debug_macro   0x0000000000000000       0x16 src/hw/hw.o
 .debug_macro   0x0000000000000000       0x57 src/hw/hw.o
 .debug_macro   0x0000000000000000       0x97 src/hw/hw.o
 .debug_macro   0x0000000000000000      0x339 src/hw/hw.o
 .debug_macro   0x0000000000000000       0xfd src/hw/hw.o
 .debug_macro   0x0000000000000000       0x10 src/hw/hw.o
 .debug_macro   0x0000000000000000       0x16 src/hw/hw.o
 .debug_macro   0x0000000000000000       0x43 src/hw/hw.o
 .debug_macro   0x0000000000000000       0x34 src/hw/hw.o
 .debug_macro   0x0000000000000000       0x10 src/hw/hw.o
 .debug_macro   0x0000000000000000       0x58 src/hw/hw.o
 .debug_macro   0x0000000000000000       0x71 src/hw/hw.o
 .debug_macro   0x0000000000000000       0x1c src/hw/hw.o
 .debug_macro   0x0000000000000000      0x12a src/hw/hw.o
 .debug_macro   0x0000000000000000       0x10 src/hw/hw.o
 .debug_macro   0x0000000000000000       0x6a src/hw/hw.o
 .debug_macro   0x0000000000000000       0x1c src/hw/hw.o
 .debug_macro   0x0000000000000000       0x52 src/hw/hw.o
 .debug_macro   0x0000000000000000       0x22 src/hw/hw.o
 .debug_macro   0x0000000000000000       0x10 src/hw/hw.o
 .debug_macro   0x0000000000000000       0x40 src/hw/hw.o
 .debug_macro   0x0000000000000000       0xd5 src/hw/hw.o
 .debug_macro   0x0000000000000000       0x1c src/hw/hw.o
 .debug_macro   0x0000000000000000       0x3d src/hw/hw.o
 .debug_macro   0x0000000000000000       0x16 src/hw/hw.o
 .debug_macro   0x0000000000000000      0x145 src/hw/hw.o
 .debug_macro   0x0000000000000000      0x103 src/hw/hw.o
 .debug_macro   0x0000000000000000      0x1df src/hw/hw.o
 .debug_macro   0x0000000000000000       0x22 src/hw/hw.o
 .group         0x0000000000000000        0xc src/main.o
 .group         0x0000000000000000        0xc src/main.o
 .group         0x0000000000000000        0xc src/main.o
 .group         0x0000000000000000        0xc src/main.o
 .group         0x0000000000000000        0xc src/main.o
 .group         0x0000000000000000        0xc src/main.o
 .group         0x0000000000000000        0xc src/main.o
 .group         0x0000000000000000        0xc src/main.o
 .group         0x0000000000000000        0xc src/main.o
 .group         0x0000000000000000        0xc src/main.o
 .group         0x0000000000000000        0xc src/main.o
 .group         0x0000000000000000        0xc src/main.o
 .group         0x0000000000000000        0xc src/main.o
 .group         0x0000000000000000        0xc src/main.o
 .group         0x0000000000000000        0xc src/main.o
 .group         0x0000000000000000        0xc src/main.o
 .group         0x0000000000000000        0xc src/main.o
 .group         0x0000000000000000        0xc src/main.o
 .group         0x0000000000000000        0xc src/main.o
 .group         0x0000000000000000        0xc src/main.o
 .group         0x0000000000000000        0xc src/main.o
 .group         0x0000000000000000        0xc src/main.o
 .group         0x0000000000000000        0xc src/main.o
 .group         0x0000000000000000        0xc src/main.o
 .group         0x0000000000000000        0xc src/main.o
 .group         0x0000000000000000        0xc src/main.o
 .group         0x0000000000000000        0xc src/main.o
 .group         0x0000000000000000        0xc src/main.o
 .group         0x0000000000000000        0xc src/main.o
 .group         0x0000000000000000        0xc src/main.o
 .group         0x0000000000000000        0xc src/main.o
 .group         0x0000000000000000        0xc src/main.o
 .group         0x0000000000000000        0xc src/main.o
 .group         0x0000000000000000        0xc src/main.o
 .group         0x0000000000000000        0xc src/main.o
 .group         0x0000000000000000        0xc src/main.o
 .text          0x0000000000000000        0x0 src/main.o
 .data          0x0000000000000000        0x0 src/main.o
 .bss           0x0000000000000000        0x0 src/main.o
 .debug_macro   0x0000000000000000      0xa8a src/main.o
 .debug_macro   0x0000000000000000       0x22 src/main.o
 .debug_macro   0x0000000000000000       0x4c src/main.o
 .debug_macro   0x0000000000000000       0x18 src/main.o
 .debug_macro   0x0000000000000000       0x94 src/main.o
 .debug_macro   0x0000000000000000       0x3c src/main.o
 .debug_macro   0x0000000000000000       0x34 src/main.o
 .debug_macro   0x0000000000000000       0x16 src/main.o
 .debug_macro   0x0000000000000000       0x57 src/main.o
 .debug_macro   0x0000000000000000       0x97 src/main.o
 .debug_macro   0x0000000000000000      0x339 src/main.o
 .debug_macro   0x0000000000000000       0xfd src/main.o
 .debug_macro   0x0000000000000000       0x10 src/main.o
 .debug_macro   0x0000000000000000       0x16 src/main.o
 .debug_macro   0x0000000000000000       0x43 src/main.o
 .debug_macro   0x0000000000000000       0x34 src/main.o
 .debug_macro   0x0000000000000000       0x10 src/main.o
 .debug_macro   0x0000000000000000       0x58 src/main.o
 .debug_macro   0x0000000000000000       0x71 src/main.o
 .debug_macro   0x0000000000000000       0x1c src/main.o
 .debug_macro   0x0000000000000000      0x12a src/main.o
 .debug_macro   0x0000000000000000       0x10 src/main.o
 .debug_macro   0x0000000000000000       0x6a src/main.o
 .debug_macro   0x0000000000000000       0x1c src/main.o
 .debug_macro   0x0000000000000000       0x52 src/main.o
 .debug_macro   0x0000000000000000       0x22 src/main.o
 .debug_macro   0x0000000000000000       0x10 src/main.o
 .debug_macro   0x0000000000000000       0x40 src/main.o
 .debug_macro   0x0000000000000000       0xd5 src/main.o
 .debug_macro   0x0000000000000000       0x1c src/main.o
 .debug_macro   0x0000000000000000       0x3d src/main.o
 .debug_macro   0x0000000000000000       0x16 src/main.o
 .debug_macro   0x0000000000000000      0x145 src/main.o
 .debug_macro   0x0000000000000000      0x103 src/main.o
 .debug_macro   0x0000000000000000      0x1df src/main.o
 .debug_macro   0x0000000000000000       0x22 src/main.o
 .text          0x0000000000000000        0x0 c:/st/stm32cubeide_1.6.1/stm32cubeide/plugins/com.st.stm32cube.ide.mcu.externaltools.gnu-tools-for-stm32.9-2020-q2-update.win32_1.5.0.202011040924/tools/bin/../lib/gcc/arm-none-eabi/9.3.1/../../../../arm-none-eabi/lib/thumb/v7-m/nofp\libc_nano.a(lib_a-errno.o)
 .data          0x0000000000000000        0x0 c:/st/stm32cubeide_1.6.1/stm32cubeide/plugins/com.st.stm32cube.ide.mcu.externaltools.gnu-tools-for-stm32.9-2020-q2-update.win32_1.5.0.202011040924/tools/bin/../lib/gcc/arm-none-eabi/9.3.1/../../../../arm-none-eabi/lib/thumb/v7-m/nofp\libc_nano.a(lib_a-errno.o)
 .bss           0x0000000000000000        0x0 c:/st/stm32cubeide_1.6.1/stm32cubeide/plugins/com.st.stm32cube.ide.mcu.externaltools.gnu-tools-for-stm32.9-2020-q2-update.win32_1.5.0.202011040924/tools/bin/../lib/gcc/arm-none-eabi/9.3.1/../../../../arm-none-eabi/lib/thumb/v7-m/nofp\libc_nano.a(lib_a-errno.o)
 .text.__errno  0x0000000000000000        0xc c:/st/stm32cubeide_1.6.1/stm32cubeide/plugins/com.st.stm32cube.ide.mcu.externaltools.gnu-tools-for-stm32.9-2020-q2-update.win32_1.5.0.202011040924/tools/bin/../lib/gcc/arm-none-eabi/9.3.1/../../../../arm-none-eabi/lib/thumb/v7-m/nofp\libc_nano.a(lib_a-errno.o)
 .debug_frame   0x0000000000000000       0x20 c:/st/stm32cubeide_1.6.1/stm32cubeide/plugins/com.st.stm32cube.ide.mcu.externaltools.gnu-tools-for-stm32.9-2020-q2-update.win32_1.5.0.202011040924/tools/bin/../lib/gcc/arm-none-eabi/9.3.1/../../../../arm-none-eabi/lib/thumb/v7-m/nofp\libc_nano.a(lib_a-errno.o)
 .ARM.attributes
                0x0000000000000000       0x2d c:/st/stm32cubeide_1.6.1/stm32cubeide/plugins/com.st.stm32cube.ide.mcu.externaltools.gnu-tools-for-stm32.9-2020-q2-update.win32_1.5.0.202011040924/tools/bin/../lib/gcc/arm-none-eabi/9.3.1/../../../../arm-none-eabi/lib/thumb/v7-m/nofp\libc_nano.a(lib_a-errno.o)
 .text          0x0000000000000000        0x0 c:/st/stm32cubeide_1.6.1/stm32cubeide/plugins/com.st.stm32cube.ide.mcu.externaltools.gnu-tools-for-stm32.9-2020-q2-update.win32_1.5.0.202011040924/tools/bin/../lib/gcc/arm-none-eabi/9.3.1/../../../../arm-none-eabi/lib/thumb/v7-m/nofp\libc_nano.a(lib_a-exit.o)
 .data          0x0000000000000000        0x0 c:/st/stm32cubeide_1.6.1/stm32cubeide/plugins/com.st.stm32cube.ide.mcu.externaltools.gnu-tools-for-stm32.9-2020-q2-update.win32_1.5.0.202011040924/tools/bin/../lib/gcc/arm-none-eabi/9.3.1/../../../../arm-none-eabi/lib/thumb/v7-m/nofp\libc_nano.a(lib_a-exit.o)
 .bss           0x0000000000000000        0x0 c:/st/stm32cubeide_1.6.1/stm32cubeide/plugins/com.st.stm32cube.ide.mcu.externaltools.gnu-tools-for-stm32.9-2020-q2-update.win32_1.5.0.202011040924/tools/bin/../lib/gcc/arm-none-eabi/9.3.1/../../../../arm-none-eabi/lib/thumb/v7-m/nofp\libc_nano.a(lib_a-exit.o)
 .text.exit     0x0000000000000000       0x28 c:/st/stm32cubeide_1.6.1/stm32cubeide/plugins/com.st.stm32cube.ide.mcu.externaltools.gnu-tools-for-stm32.9-2020-q2-update.win32_1.5.0.202011040924/tools/bin/../lib/gcc/arm-none-eabi/9.3.1/../../../../arm-none-eabi/lib/thumb/v7-m/nofp\libc_nano.a(lib_a-exit.o)
 .debug_frame   0x0000000000000000       0x28 c:/st/stm32cubeide_1.6.1/stm32cubeide/plugins/com.st.stm32cube.ide.mcu.externaltools.gnu-tools-for-stm32.9-2020-q2-update.win32_1.5.0.202011040924/tools/bin/../lib/gcc/arm-none-eabi/9.3.1/../../../../arm-none-eabi/lib/thumb/v7-m/nofp\libc_nano.a(lib_a-exit.o)
 .ARM.attributes
                0x0000000000000000       0x2d c:/st/stm32cubeide_1.6.1/stm32cubeide/plugins/com.st.stm32cube.ide.mcu.externaltools.gnu-tools-for-stm32.9-2020-q2-update.win32_1.5.0.202011040924/tools/bin/../lib/gcc/arm-none-eabi/9.3.1/../../../../arm-none-eabi/lib/thumb/v7-m/nofp\libc_nano.a(lib_a-exit.o)
 .text          0x0000000000000000        0x0 c:/st/stm32cubeide_1.6.1/stm32cubeide/plugins/com.st.stm32cube.ide.mcu.externaltools.gnu-tools-for-stm32.9-2020-q2-update.win32_1.5.0.202011040924/tools/bin/../lib/gcc/arm-none-eabi/9.3.1/../../../../arm-none-eabi/lib/thumb/v7-m/nofp\libc_nano.a(lib_a-impure.o)
 .data          0x0000000000000000        0x0 c:/st/stm32cubeide_1.6.1/stm32cubeide/plugins/com.st.stm32cube.ide.mcu.externaltools.gnu-tools-for-stm32.9-2020-q2-update.win32_1.5.0.202011040924/tools/bin/../lib/gcc/arm-none-eabi/9.3.1/../../../../arm-none-eabi/lib/thumb/v7-m/nofp\libc_nano.a(lib_a-impure.o)
 .bss           0x0000000000000000        0x0 c:/st/stm32cubeide_1.6.1/stm32cubeide/plugins/com.st.stm32cube.ide.mcu.externaltools.gnu-tools-for-stm32.9-2020-q2-update.win32_1.5.0.202011040924/tools/bin/../lib/gcc/arm-none-eabi/9.3.1/../../../../arm-none-eabi/lib/thumb/v7-m/nofp\libc_nano.a(lib_a-impure.o)
 .data._impure_ptr
                0x0000000000000000        0x4 c:/st/stm32cubeide_1.6.1/stm32cubeide/plugins/com.st.stm32cube.ide.mcu.externaltools.gnu-tools-for-stm32.9-2020-q2-update.win32_1.5.0.202011040924/tools/bin/../lib/gcc/arm-none-eabi/9.3.1/../../../../arm-none-eabi/lib/thumb/v7-m/nofp\libc_nano.a(lib_a-impure.o)
 .data.impure_data
                0x0000000000000000       0x60 c:/st/stm32cubeide_1.6.1/stm32cubeide/plugins/com.st.stm32cube.ide.mcu.externaltools.gnu-tools-for-stm32.9-2020-q2-update.win32_1.5.0.202011040924/tools/bin/../lib/gcc/arm-none-eabi/9.3.1/../../../../arm-none-eabi/lib/thumb/v7-m/nofp\libc_nano.a(lib_a-impure.o)
 .rodata._global_impure_ptr
                0x0000000000000000        0x4 c:/st/stm32cubeide_1.6.1/stm32cubeide/plugins/com.st.stm32cube.ide.mcu.externaltools.gnu-tools-for-stm32.9-2020-q2-update.win32_1.5.0.202011040924/tools/bin/../lib/gcc/arm-none-eabi/9.3.1/../../../../arm-none-eabi/lib/thumb/v7-m/nofp\libc_nano.a(lib_a-impure.o)
 .ARM.attributes
                0x0000000000000000       0x2d c:/st/stm32cubeide_1.6.1/stm32cubeide/plugins/com.st.stm32cube.ide.mcu.externaltools.gnu-tools-for-stm32.9-2020-q2-update.win32_1.5.0.202011040924/tools/bin/../lib/gcc/arm-none-eabi/9.3.1/../../../../arm-none-eabi/lib/thumb/v7-m/nofp\libc_nano.a(lib_a-impure.o)
 .text          0x0000000000000000        0x0 c:/st/stm32cubeide_1.6.1/stm32cubeide/plugins/com.st.stm32cube.ide.mcu.externaltools.gnu-tools-for-stm32.9-2020-q2-update.win32_1.5.0.202011040924/tools/bin/../lib/gcc/arm-none-eabi/9.3.1/../../../../arm-none-eabi/lib/thumb/v7-m/nofp\libc_nano.a(lib_a-init.o)
 .data          0x0000000000000000        0x0 c:/st/stm32cubeide_1.6.1/stm32cubeide/plugins/com.st.stm32cube.ide.mcu.externaltools.gnu-tools-for-stm32.9-2020-q2-update.win32_1.5.0.202011040924/tools/bin/../lib/gcc/arm-none-eabi/9.3.1/../../../../arm-none-eabi/lib/thumb/v7-m/nofp\libc_nano.a(lib_a-init.o)
 .bss           0x0000000000000000        0x0 c:/st/stm32cubeide_1.6.1/stm32cubeide/plugins/com.st.stm32cube.ide.mcu.externaltools.gnu-tools-for-stm32.9-2020-q2-update.win32_1.5.0.202011040924/tools/bin/../lib/gcc/arm-none-eabi/9.3.1/../../../../arm-none-eabi/lib/thumb/v7-m/nofp\libc_nano.a(lib_a-init.o)
 .text          0x0000000000000000        0x0 c:/st/stm32cubeide_1.6.1/stm32cubeide/plugins/com.st.stm32cube.ide.mcu.externaltools.gnu-tools-for-stm32.9-2020-q2-update.win32_1.5.0.202011040924/tools/bin/../lib/gcc/arm-none-eabi/9.3.1/../../../../arm-none-eabi/lib/thumb/v7-m/nofp\libc_nano.a(lib_a-memset.o)
 .data          0x0000000000000000        0x0 c:/st/stm32cubeide_1.6.1/stm32cubeide/plugins/com.st.stm32cube.ide.mcu.externaltools.gnu-tools-for-stm32.9-2020-q2-update.win32_1.5.0.202011040924/tools/bin/../lib/gcc/arm-none-eabi/9.3.1/../../../../arm-none-eabi/lib/thumb/v7-m/nofp\libc_nano.a(lib_a-memset.o)
 .bss           0x0000000000000000        0x0 c:/st/stm32cubeide_1.6.1/stm32cubeide/plugins/com.st.stm32cube.ide.mcu.externaltools.gnu-tools-for-stm32.9-2020-q2-update.win32_1.5.0.202011040924/tools/bin/../lib/gcc/arm-none-eabi/9.3.1/../../../../arm-none-eabi/lib/thumb/v7-m/nofp\libc_nano.a(lib_a-memset.o)
 .text.memset   0x0000000000000000       0x10 c:/st/stm32cubeide_1.6.1/stm32cubeide/plugins/com.st.stm32cube.ide.mcu.externaltools.gnu-tools-for-stm32.9-2020-q2-update.win32_1.5.0.202011040924/tools/bin/../lib/gcc/arm-none-eabi/9.3.1/../../../../arm-none-eabi/lib/thumb/v7-m/nofp\libc_nano.a(lib_a-memset.o)
 .debug_frame   0x0000000000000000       0x20 c:/st/stm32cubeide_1.6.1/stm32cubeide/plugins/com.st.stm32cube.ide.mcu.externaltools.gnu-tools-for-stm32.9-2020-q2-update.win32_1.5.0.202011040924/tools/bin/../lib/gcc/arm-none-eabi/9.3.1/../../../../arm-none-eabi/lib/thumb/v7-m/nofp\libc_nano.a(lib_a-memset.o)
 .ARM.attributes
                0x0000000000000000       0x2d c:/st/stm32cubeide_1.6.1/stm32cubeide/plugins/com.st.stm32cube.ide.mcu.externaltools.gnu-tools-for-stm32.9-2020-q2-update.win32_1.5.0.202011040924/tools/bin/../lib/gcc/arm-none-eabi/9.3.1/../../../../arm-none-eabi/lib/thumb/v7-m/nofp\libc_nano.a(lib_a-memset.o)
 .text          0x0000000000000000        0x0 c:/st/stm32cubeide_1.6.1/stm32cubeide/plugins/com.st.stm32cube.ide.mcu.externaltools.gnu-tools-for-stm32.9-2020-q2-update.win32_1.5.0.202011040924/tools/bin/../lib/gcc/arm-none-eabi/9.3.1/thumb/v7-m/nofp/crtend.o
 .data          0x0000000000000000        0x0 c:/st/stm32cubeide_1.6.1/stm32cubeide/plugins/com.st.stm32cube.ide.mcu.externaltools.gnu-tools-for-stm32.9-2020-q2-update.win32_1.5.0.202011040924/tools/bin/../lib/gcc/arm-none-eabi/9.3.1/thumb/v7-m/nofp/crtend.o
 .bss           0x0000000000000000        0x0 c:/st/stm32cubeide_1.6.1/stm32cubeide/plugins/com.st.stm32cube.ide.mcu.externaltools.gnu-tools-for-stm32.9-2020-q2-update.win32_1.5.0.202011040924/tools/bin/../lib/gcc/arm-none-eabi/9.3.1/thumb/v7-m/nofp/crtend.o
 .eh_frame      0x0000000000000000        0x4 c:/st/stm32cubeide_1.6.1/stm32cubeide/plugins/com.st.stm32cube.ide.mcu.externaltools.gnu-tools-for-stm32.9-2020-q2-update.win32_1.5.0.202011040924/tools/bin/../lib/gcc/arm-none-eabi/9.3.1/thumb/v7-m/nofp/crtend.o
 .ARM.attributes
                0x0000000000000000       0x2d c:/st/stm32cubeide_1.6.1/stm32cubeide/plugins/com.st.stm32cube.ide.mcu.externaltools.gnu-tools-for-stm32.9-2020-q2-update.win32_1.5.0.202011040924/tools/bin/../lib/gcc/arm-none-eabi/9.3.1/thumb/v7-m/nofp/crtend.o
 .text          0x0000000000000000        0x0 c:/st/stm32cubeide_1.6.1/stm32cubeide/plugins/com.st.stm32cube.ide.mcu.externaltools.gnu-tools-for-stm32.9-2020-q2-update.win32_1.5.0.202011040924/tools/bin/../lib/gcc/arm-none-eabi/9.3.1/thumb/v7-m/nofp/crtn.o
 .data          0x0000000000000000        0x0 c:/st/stm32cubeide_1.6.1/stm32cubeide/plugins/com.st.stm32cube.ide.mcu.externaltools.gnu-tools-for-stm32.9-2020-q2-update.win32_1.5.0.202011040924/tools/bin/../lib/gcc/arm-none-eabi/9.3.1/thumb/v7-m/nofp/crtn.o
 .bss           0x0000000000000000        0x0 c:/st/stm32cubeide_1.6.1/stm32cubeide/plugins/com.st.stm32cube.ide.mcu.externaltools.gnu-tools-for-stm32.9-2020-q2-update.win32_1.5.0.202011040924/tools/bin/../lib/gcc/arm-none-eabi/9.3.1/thumb/v7-m/nofp/crtn.o

Memory Configuration

Name             Origin             Length             Attributes
RAM              0x0000000020000000 0x0000000000005000 xrw
FLASH            0x0000000008000000 0x0000000000010000 xr
*default*        0x0000000000000000 0xffffffffffffffff

Linker script and memory map

LOAD c:/st/stm32cubeide_1.6.1/stm32cubeide/plugins/com.st.stm32cube.ide.mcu.externaltools.gnu-tools-for-stm32.9-2020-q2-update.win32_1.5.0.202011040924/tools/bin/../lib/gcc/arm-none-eabi/9.3.1/thumb/v7-m/nofp/crti.o
LOAD c:/st/stm32cubeide_1.6.1/stm32cubeide/plugins/com.st.stm32cube.ide.mcu.externaltools.gnu-tools-for-stm32.9-2020-q2-update.win32_1.5.0.202011040924/tools/bin/../lib/gcc/arm-none-eabi/9.3.1/thumb/v7-m/nofp/crtbegin.o
LOAD c:/st/stm32cubeide_1.6.1/stm32cubeide/plugins/com.st.stm32cube.ide.mcu.externaltools.gnu-tools-for-stm32.9-2020-q2-update.win32_1.5.0.202011040924/tools/bin/../lib/gcc/arm-none-eabi/9.3.1/../../../../arm-none-eabi/lib/thumb/v7-m/nofp/crt0.o
LOAD src/ap/ap.o
LOAD src/bsp/bsp.o
LOAD src/bsp/syscalls.o
LOAD src/bsp/sysmem.o
LOAD src/bsp/startup/startup_stm32f103c8tx.o
LOAD src/common/def.o
LOAD src/hw/hw.o
LOAD src/main.o
START GROUP
LOAD c:/st/stm32cubeide_1.6.1/stm32cubeide/plugins/com.st.stm32cube.ide.mcu.externaltools.gnu-tools-for-stm32.9-2020-q2-update.win32_1.5.0.202011040924/tools/bin/../lib/gcc/arm-none-eabi/9.3.1/../../../../arm-none-eabi/lib/thumb/v7-m/nofp\libc_nano.a
LOAD c:/st/stm32cubeide_1.6.1/stm32cubeide/plugins/com.st.stm32cube.ide.mcu.externaltools.gnu-tools-for-stm32.9-2020-q2-update.win32_1.5.0.202011040924/tools/bin/../lib/gcc/arm-none-eabi/9.3.1/../../../../arm-none-eabi/lib/thumb/v7-m/nofp\libm.a
END GROUP
START GROUP
LOAD c:/st/stm32cubeide_1.6.1/stm32cubeide/plugins/com.st.stm32cube.ide.mcu.externaltools.gnu-tools-for-stm32.9-2020-q2-update.win32_1.5.0.202011040924/tools/bin/../lib/gcc/arm-none-eabi/9.3.1/thumb/v7-m/nofp\libgcc.a
LOAD c:/st/stm32cubeide_1.6.1/stm32cubeide/plugins/com.st.stm32cube.ide.mcu.externaltools.gnu-tools-for-stm32.9-2020-q2-update.win32_1.5.0.202011040924/tools/bin/../lib/gcc/arm-none-eabi/9.3.1/../../../../arm-none-eabi/lib/thumb/v7-m/nofp\libc_nano.a
END GROUP
START GROUP
LOAD c:/st/stm32cubeide_1.6.1/stm32cubeide/plugins/com.st.stm32cube.ide.mcu.externaltools.gnu-tools-for-stm32.9-2020-q2-update.win32_1.5.0.202011040924/tools/bin/../lib/gcc/arm-none-eabi/9.3.1/thumb/v7-m/nofp\libgcc.a
LOAD c:/st/stm32cubeide_1.6.1/stm32cubeide/plugins/com.st.stm32cube.ide.mcu.externaltools.gnu-tools-for-stm32.9-2020-q2-update.win32_1.5.0.202011040924/tools/bin/../lib/gcc/arm-none-eabi/9.3.1/../../../../arm-none-eabi/lib/thumb/v7-m/nofp\libc_nano.a
LOAD c:/st/stm32cubeide_1.6.1/stm32cubeide/plugins/com.st.stm32cube.ide.mcu.externaltools.gnu-tools-for-stm32.9-2020-q2-update.win32_1.5.0.202011040924/tools/bin/../lib/gcc/arm-none-eabi/9.3.1/../../../../arm-none-eabi/lib/thumb/v7-m/nofp\libnosys.a
END GROUP
START GROUP
LOAD c:/st/stm32cubeide_1.6.1/stm32cubeide/plugins/com.st.stm32cube.ide.mcu.externaltools.gnu-tools-for-stm32.9-2020-q2-update.win32_1.5.0.202011040924/tools/bin/../lib/gcc/arm-none-eabi/9.3.1/thumb/v7-m/nofp\libgcc.a
LOAD c:/st/stm32cubeide_1.6.1/stm32cubeide/plugins/com.st.stm32cube.ide.mcu.externaltools.gnu-tools-for-stm32.9-2020-q2-update.win32_1.5.0.202011040924/tools/bin/../lib/gcc/arm-none-eabi/9.3.1/../../../../arm-none-eabi/lib/thumb/v7-m/nofp\libc_nano.a
LOAD c:/st/stm32cubeide_1.6.1/stm32cubeide/plugins/com.st.stm32cube.ide.mcu.externaltools.gnu-tools-for-stm32.9-2020-q2-update.win32_1.5.0.202011040924/tools/bin/../lib/gcc/arm-none-eabi/9.3.1/../../../../arm-none-eabi/lib/thumb/v7-m/nofp\libnosys.a
END GROUP
LOAD c:/st/stm32cubeide_1.6.1/stm32cubeide/plugins/com.st.stm32cube.ide.mcu.externaltools.gnu-tools-for-stm32.9-2020-q2-update.win32_1.5.0.202011040924/tools/bin/../lib/gcc/arm-none-eabi/9.3.1/thumb/v7-m/nofp/crtend.o
LOAD c:/st/stm32cubeide_1.6.1/stm32cubeide/plugins/com.st.stm32cube.ide.mcu.externaltools.gnu-tools-for-stm32.9-2020-q2-update.win32_1.5.0.202011040924/tools/bin/../lib/gcc/arm-none-eabi/9.3.1/thumb/v7-m/nofp/crtn.o
                0x0000000020005000                _estack = (ORIGIN (RAM) + LENGTH (RAM))
                0x0000000000000200                _Min_Heap_Size = 0x200
                0x0000000000000400                _Min_Stack_Size = 0x400

.isr_vector     0x0000000008000000      0x130
                0x0000000008000000                . = ALIGN (0x4)
 *(.isr_vector)
 .isr_vector    0x0000000008000000      0x130 src/bsp/startup/startup_stm32f103c8tx.o
                0x0000000008000000                g_pfnVectors
                0x0000000008000130                . = ALIGN (0x4)

.text           0x0000000008000130      0x134
                0x0000000008000130                . = ALIGN (0x4)
 *(.text)
 .text          0x0000000008000130       0x40 c:/st/stm32cubeide_1.6.1/stm32cubeide/plugins/com.st.stm32cube.ide.mcu.externaltools.gnu-tools-for-stm32.9-2020-q2-update.win32_1.5.0.202011040924/tools/bin/../lib/gcc/arm-none-eabi/9.3.1/thumb/v7-m/nofp/crtbegin.o
 *(.text*)
 .text.apInit   0x0000000008000170        0xc src/ap/ap.o
                0x0000000008000170                apInit
 .text.apMain   0x000000000800017c        0x6 src/ap/ap.o
                0x000000000800017c                apMain
 .text.bspInit  0x0000000008000182        0xc src/bsp/bsp.o
                0x0000000008000182                bspInit
 *fill*         0x000000000800018e        0x2 
 .text.Reset_Handler
                0x0000000008000190       0x50 src/bsp/startup/startup_stm32f103c8tx.o
                0x0000000008000190                Reset_Handler
 .text.Default_Handler
                0x00000000080001e0        0x2 src/bsp/startup/startup_stm32f103c8tx.o
                0x00000000080001e0                EXTI2_IRQHandler
                0x00000000080001e0                TIM8_TRG_COM_IRQHandler
                0x00000000080001e0                TIM8_CC_IRQHandler
                0x00000000080001e0                DebugMon_Handler
                0x00000000080001e0                TIM1_CC_IRQHandler
                0x00000000080001e0                HardFault_Handler
                0x00000000080001e0                TIM6_IRQHandler
                0x00000000080001e0                SysTick_Handler
                0x00000000080001e0                PVD_IRQHandler
                0x00000000080001e0                SDIO_IRQHandler
                0x00000000080001e0                PendSV_Handler
                0x00000000080001e0                NMI_Handler
                0x00000000080001e0                EXTI3_IRQHandler
                0x00000000080001e0                USB_HP_CAN_TX_IRQHandler
                0x00000000080001e0                EXTI0_IRQHandler
                0x00000000080001e0                I2C2_EV_IRQHandler
                0x00000000080001e0                UsageFault_Handler
                0x00000000080001e0                ADC1_2_IRQHandler
                0x00000000080001e0                SPI1_IRQHandler
                0x00000000080001e0                CAN_SCE_IRQHandler
                0x00000000080001e0                TAMPER_IRQHandler
                0x00000000080001e0                TIM8_UP_IRQHandler
                0x00000000080001e0                DMA2_Channel2_IRQHandler
                0x00000000080001e0                DMA1_Channel4_IRQHandler
                0x00000000080001e0                USART3_IRQHandler
                0x00000000080001e0                RTC_IRQHandler
                0x00000000080001e0                DMA1_Channel7_IRQHandler
                0x00000000080001e0                UART5_IRQHandler
                0x00000000080001e0                ADC3_IRQHandler
                0x00000000080001e0                TIM4_IRQHandler
                0x00000000080001e0                CAN_RX1_IRQHandler
                0x00000000080001e0                DMA2_Channel1_IRQHandler
                0x00000000080001e0                I2C1_EV_IRQHandler
                0x00000000080001e0                DMA1_Channel6_IRQHandler
                0x00000000080001e0                UART4_IRQHandler
                0x00000000080001e0                TIM3_IRQHandler
                0x00000000080001e0                RCC_IRQHandler
                0x00000000080001e0                TIM1_TRG_COM_IRQHandler
                0x00000000080001e0                DMA1_Channel1_IRQHandler
                0x00000000080001e0                Default_Handler
                0x00000000080001e0                EXTI15_10_IRQHandler
                0x00000000080001e0                TIM7_IRQHandler
                0x00000000080001e0                TIM5_IRQHandler
                0x00000000080001e0                EXTI9_5_IRQHandler
                0x00000000080001e0                SPI2_IRQHandler
                0x00000000080001e0                USB_LP_CAN_RX0_IRQHandler
                0x00000000080001e0                MemManage_Handler
                0x00000000080001e0                SVC_Handler
                0x00000000080001e0                DMA1_Channel5_IRQHandler
                0x00000000080001e0                EXTI4_IRQHandler
                0x00000000080001e0                DMA1_Channel3_IRQHandler
                0x00000000080001e0                FSMC_IRQHandler
                0x00000000080001e0                TIM1_UP_IRQHandler
                0x00000000080001e0                WWDG_IRQHandler
                0x00000000080001e0                TIM2_IRQHandler
                0x00000000080001e0                TIM1_BRK_IRQHandler
                0x00000000080001e0                EXTI1_IRQHandler
                0x00000000080001e0                RTCAlarm_IRQHandler
                0x00000000080001e0                DMA2_Channel4_5_IRQHandler
                0x00000000080001e0                USART2_IRQHandler
                0x00000000080001e0                I2C2_ER_IRQHandler
                0x00000000080001e0                DMA1_Channel2_IRQHandler
                0x00000000080001e0                TIM8_BRK_IRQHandler
                0x00000000080001e0                FLASH_IRQHandler
                0x00000000080001e0                BusFault_Handler
                0x00000000080001e0                USART1_IRQHandler
                0x00000000080001e0                SPI3_IRQHandler
                0x00000000080001e0                I2C1_ER_IRQHandler
                0x00000000080001e0                DMA2_Channel3_IRQHandler
 .text.hwInit   0x00000000080001e2        0xc src/hw/hw.o
                0x00000000080001e2                hwInit
 .text.main     0x00000000080001ee       0x16 src/main.o
                0x00000000080001ee                main
 .text.__libc_init_array
                0x0000000008000204       0x48 c:/st/stm32cubeide_1.6.1/stm32cubeide/plugins/com.st.stm32cube.ide.mcu.externaltools.gnu-tools-for-stm32.9-2020-q2-update.win32_1.5.0.202011040924/tools/bin/../lib/gcc/arm-none-eabi/9.3.1/../../../../arm-none-eabi/lib/thumb/v7-m/nofp\libc_nano.a(lib_a-init.o)
                0x0000000008000204                __libc_init_array
 *(.glue_7)
 .glue_7        0x000000000800024c        0x0 linker stubs
 *(.glue_7t)
 .glue_7t       0x000000000800024c        0x0 linker stubs
 *(.eh_frame)
 .eh_frame      0x000000000800024c        0x0 c:/st/stm32cubeide_1.6.1/stm32cubeide/plugins/com.st.stm32cube.ide.mcu.externaltools.gnu-tools-for-stm32.9-2020-q2-update.win32_1.5.0.202011040924/tools/bin/../lib/gcc/arm-none-eabi/9.3.1/thumb/v7-m/nofp/crtbegin.o
 *(.init)
 .init          0x000000000800024c        0x4 c:/st/stm32cubeide_1.6.1/stm32cubeide/plugins/com.st.stm32cube.ide.mcu.externaltools.gnu-tools-for-stm32.9-2020-q2-update.win32_1.5.0.202011040924/tools/bin/../lib/gcc/arm-none-eabi/9.3.1/thumb/v7-m/nofp/crti.o
                0x000000000800024c                _init
 .init          0x0000000008000250        0x8 c:/st/stm32cubeide_1.6.1/stm32cubeide/plugins/com.st.stm32cube.ide.mcu.externaltools.gnu-tools-for-stm32.9-2020-q2-update.win32_1.5.0.202011040924/tools/bin/../lib/gcc/arm-none-eabi/9.3.1/thumb/v7-m/nofp/crtn.o
 *(.fini)
 .fini          0x0000000008000258        0x4 c:/st/stm32cubeide_1.6.1/stm32cubeide/plugins/com.st.stm32cube.ide.mcu.externaltools.gnu-tools-for-stm32.9-2020-q2-update.win32_1.5.0.202011040924/tools/bin/../lib/gcc/arm-none-eabi/9.3.1/thumb/v7-m/nofp/crti.o
                0x0000000008000258                _fini
 .fini          0x000000000800025c        0x8 c:/st/stm32cubeide_1.6.1/stm32cubeide/plugins/com.st.stm32cube.ide.mcu.externaltools.gnu-tools-for-stm32.9-2020-q2-update.win32_1.5.0.202011040924/tools/bin/../lib/gcc/arm-none-eabi/9.3.1/thumb/v7-m/nofp/crtn.o
                0x0000000008000264                . = ALIGN (0x4)
                0x0000000008000264                _etext = .

.vfp11_veneer   0x0000000008000264        0x0
 .vfp11_veneer  0x0000000008000264        0x0 linker stubs

.v4_bx          0x0000000008000264        0x0
 .v4_bx         0x0000000008000264        0x0 linker stubs

.iplt           0x0000000008000264        0x0
 .iplt          0x0000000008000264        0x0 c:/st/stm32cubeide_1.6.1/stm32cubeide/plugins/com.st.stm32cube.ide.mcu.externaltools.gnu-tools-for-stm32.9-2020-q2-update.win32_1.5.0.202011040924/tools/bin/../lib/gcc/arm-none-eabi/9.3.1/thumb/v7-m/nofp/crtbegin.o

.rel.dyn        0x0000000008000264        0x0
 .rel.iplt      0x0000000008000264        0x0 c:/st/stm32cubeide_1.6.1/stm32cubeide/plugins/com.st.stm32cube.ide.mcu.externaltools.gnu-tools-for-stm32.9-2020-q2-update.win32_1.5.0.202011040924/tools/bin/../lib/gcc/arm-none-eabi/9.3.1/thumb/v7-m/nofp/crtbegin.o

.rodata         0x0000000008000264        0x0
                0x0000000008000264                . = ALIGN (0x4)
 *(.rodata)
 *(.rodata*)
                0x0000000008000264                . = ALIGN (0x4)

.ARM.extab      0x0000000008000264        0x0
                0x0000000008000264                . = ALIGN (0x4)
 *(.ARM.extab* .gnu.linkonce.armextab.*)
                0x0000000008000264                . = ALIGN (0x4)

.ARM            0x0000000008000264        0x0
                0x0000000008000264                . = ALIGN (0x4)
                0x0000000008000264                __exidx_start = .
 *(.ARM.exidx*)
                0x0000000008000264                __exidx_end = .
                0x0000000008000264                . = ALIGN (0x4)

.preinit_array  0x0000000008000264        0x0
                0x0000000008000264                . = ALIGN (0x4)
                0x0000000008000264                PROVIDE (__preinit_array_start = .)
 *(.preinit_array*)
                0x0000000008000264                PROVIDE (__preinit_array_end = .)
                0x0000000008000264                . = ALIGN (0x4)

.init_array     0x0000000008000264        0x4
                0x0000000008000264                . = ALIGN (0x4)
                0x0000000008000264                PROVIDE (__init_array_start = .)
 *(SORT_BY_NAME(.init_array.*))
 *(.init_array*)
 .init_array    0x0000000008000264        0x4 c:/st/stm32cubeide_1.6.1/stm32cubeide/plugins/com.st.stm32cube.ide.mcu.externaltools.gnu-tools-for-stm32.9-2020-q2-update.win32_1.5.0.202011040924/tools/bin/../lib/gcc/arm-none-eabi/9.3.1/thumb/v7-m/nofp/crtbegin.o
                0x0000000008000268                PROVIDE (__init_array_end = .)
                0x0000000008000268                . = ALIGN (0x4)

.fini_array     0x0000000008000268        0x4
                0x0000000008000268                . = ALIGN (0x4)
                [!provide]                        PROVIDE (__fini_array_start = .)
 *(SORT_BY_NAME(.fini_array.*))
 *(.fini_array*)
 .fini_array    0x0000000008000268        0x4 c:/st/stm32cubeide_1.6.1/stm32cubeide/plugins/com.st.stm32cube.ide.mcu.externaltools.gnu-tools-for-stm32.9-2020-q2-update.win32_1.5.0.202011040924/tools/bin/../lib/gcc/arm-none-eabi/9.3.1/thumb/v7-m/nofp/crtbegin.o
                [!provide]                        PROVIDE (__fini_array_end = .)
                0x000000000800026c                . = ALIGN (0x4)
                0x000000000800026c                _sidata = LOADADDR (.data)

.data           0x0000000020000000        0x0 load address 0x000000000800026c
                0x0000000020000000                . = ALIGN (0x4)
                0x0000000020000000                _sdata = .
 *(.data)
 *(.data*)
 *(.RamFunc)
 *(.RamFunc*)
                0x0000000020000000                . = ALIGN (0x4)
                0x0000000020000000                _edata = .

.igot.plt       0x0000000020000000        0x0 load address 0x000000000800026c
 .igot.plt      0x0000000020000000        0x0 c:/st/stm32cubeide_1.6.1/stm32cubeide/plugins/com.st.stm32cube.ide.mcu.externaltools.gnu-tools-for-stm32.9-2020-q2-update.win32_1.5.0.202011040924/tools/bin/../lib/gcc/arm-none-eabi/9.3.1/thumb/v7-m/nofp/crtbegin.o
                0x0000000020000000                . = ALIGN (0x4)

.bss            0x0000000020000000       0x1c load address 0x000000000800026c
                0x0000000020000000                _sbss = .
                0x0000000020000000                __bss_start__ = _sbss
 *(.bss)
 .bss           0x0000000020000000       0x1c c:/st/stm32cubeide_1.6.1/stm32cubeide/plugins/com.st.stm32cube.ide.mcu.externaltools.gnu-tools-for-stm32.9-2020-q2-update.win32_1.5.0.202011040924/tools/bin/../lib/gcc/arm-none-eabi/9.3.1/thumb/v7-m/nofp/crtbegin.o
 *(.bss*)
 *(COMMON)
                0x000000002000001c                . = ALIGN (0x4)
                0x000000002000001c                _ebss = .
                0x000000002000001c                __bss_end__ = _ebss

._user_heap_stack
                0x000000002000001c      0x604 load address 0x000000000800026c
                0x0000000020000020                . = ALIGN (0x8)
 *fill*         0x000000002000001c        0x4 
                [!provide]                        PROVIDE (end = .)
                0x0000000020000020                PROVIDE (_end = .)
                0x0000000020000220                . = (. + _Min_Heap_Size)
 *fill*         0x0000000020000020      0x200 
                0x0000000020000620                . = (. + _Min_Stack_Size)
 *fill*         0x0000000020000220      0x400 
                0x0000000020000620                . = ALIGN (0x8)

/DISCARD/
 libc.a(*)
 libm.a(*)
 libgcc.a(*)

.ARM.attributes
                0x0000000000000000       0x29
 *(.ARM.attributes)
 .ARM.attributes
                0x0000000000000000       0x1d c:/st/stm32cubeide_1.6.1/stm32cubeide/plugins/com.st.stm32cube.ide.mcu.externaltools.gnu-tools-for-stm32.9-2020-q2-update.win32_1.5.0.202011040924/tools/bin/../lib/gcc/arm-none-eabi/9.3.1/thumb/v7-m/nofp/crti.o
 .ARM.attributes
                0x000000000000001d       0x2d c:/st/stm32cubeide_1.6.1/stm32cubeide/plugins/com.st.stm32cube.ide.mcu.externaltools.gnu-tools-for-stm32.9-2020-q2-update.win32_1.5.0.202011040924/tools/bin/../lib/gcc/arm-none-eabi/9.3.1/thumb/v7-m/nofp/crtbegin.o
 .ARM.attributes
                0x000000000000004a       0x2d src/ap/ap.o
 .ARM.attributes
                0x0000000000000077       0x2d src/bsp/bsp.o
 .ARM.attributes
                0x00000000000000a4       0x21 src/bsp/startup/startup_stm32f103c8tx.o
 .ARM.attributes
                0x00000000000000c5       0x2d src/hw/hw.o
 .ARM.attributes
                0x00000000000000f2       0x2d src/main.o
 .ARM.attributes
                0x000000000000011f       0x2d c:/st/stm32cubeide_1.6.1/stm32cubeide/plugins/com.st.stm32cube.ide.mcu.externaltools.gnu-tools-for-stm32.9-2020-q2-update.win32_1.5.0.202011040924/tools/bin/../lib/gcc/arm-none-eabi/9.3.1/../../../../arm-none-eabi/lib/thumb/v7-m/nofp\libc_nano.a(lib_a-init.o)
 .ARM.attributes
                0x000000000000014c       0x1d c:/st/stm32cubeide_1.6.1/stm32cubeide/plugins/com.st.stm32cube.ide.mcu.externaltools.gnu-tools-for-stm32.9-2020-q2-update.win32_1.5.0.202011040924/tools/bin/../lib/gcc/arm-none-eabi/9.3.1/thumb/v7-m/nofp/crtn.o
OUTPUT(stm32103_fw.elf elf32-littlearm)
LOAD linker stubs
LOAD c:/st/stm32cubeide_1.6.1/stm32cubeide/plugins/com.st.stm32cube.ide.mcu.externaltools.gnu-tools-for-stm32.9-2020-q2-update.win32_1.5.0.202011040924/tools/bin/../lib/gcc/arm-none-eabi/9.3.1/../../../../arm-none-eabi/lib/thumb/v7-m/nofp\libc.a
LOAD c:/st/stm32cubeide_1.6.1/stm32cubeide/plugins/com.st.stm32cube.ide.mcu.externaltools.gnu-tools-for-stm32.9-2020-q2-update.win32_1.5.0.202011040924/tools/bin/../lib/gcc/arm-none-eabi/9.3.1/../../../../arm-none-eabi/lib/thumb/v7-m/nofp\libm.a
LOAD c:/st/stm32cubeide_1.6.1/stm32cubeide/plugins/com.st.stm32cube.ide.mcu.externaltools.gnu-tools-for-stm32.9-2020-q2-update.win32_1.5.0.202011040924/tools/bin/../lib/gcc/arm-none-eabi/9.3.1/thumb/v7-m/nofp\libgcc.a

.debug_info     0x0000000000000000     0x2537
 .debug_info    0x0000000000000000      0x93d src/ap/ap.o
 .debug_info    0x000000000000093d      0x97e src/bsp/bsp.o
 .debug_info    0x00000000000012bb       0x22 src/bsp/startup/startup_stm32f103c8tx.o
 .debug_info    0x00000000000012dd      0x92b src/hw/hw.o
 .debug_info    0x0000000000001c08      0x92f src/main.o

.debug_abbrev   0x0000000000000000      0x661
 .debug_abbrev  0x0000000000000000      0x181 src/ap/ap.o
 .debug_abbrev  0x0000000000000181      0x1ca src/bsp/bsp.o
 .debug_abbrev  0x000000000000034b       0x12 src/bsp/startup/startup_stm32f103c8tx.o
 .debug_abbrev  0x000000000000035d      0x181 src/hw/hw.o
 .debug_abbrev  0x00000000000004de      0x183 src/main.o

.debug_aranges  0x0000000000000000       0xc0
 .debug_aranges
                0x0000000000000000       0x28 src/ap/ap.o
 .debug_aranges
                0x0000000000000028       0x30 src/bsp/bsp.o
 .debug_aranges
                0x0000000000000058       0x28 src/bsp/startup/startup_stm32f103c8tx.o
 .debug_aranges
                0x0000000000000080       0x20 src/hw/hw.o
 .debug_aranges
                0x00000000000000a0       0x20 src/main.o

.debug_ranges   0x0000000000000000       0x78
 .debug_ranges  0x0000000000000000       0x18 src/ap/ap.o
 .debug_ranges  0x0000000000000018       0x20 src/bsp/bsp.o
 .debug_ranges  0x0000000000000038       0x20 src/bsp/startup/startup_stm32f103c8tx.o
 .debug_ranges  0x0000000000000058       0x10 src/hw/hw.o
 .debug_ranges  0x0000000000000068       0x10 src/main.o

.debug_macro    0x0000000000000000     0x22c3
 .debug_macro   0x0000000000000000      0x1fc src/ap/ap.o
 .debug_macro   0x00000000000001fc      0xa8a src/ap/ap.o
 .debug_macro   0x0000000000000c86       0x22 src/ap/ap.o
 .debug_macro   0x0000000000000ca8       0x4c src/ap/ap.o
 .debug_macro   0x0000000000000cf4       0x18 src/ap/ap.o
 .debug_macro   0x0000000000000d0c       0x94 src/ap/ap.o
 .debug_macro   0x0000000000000da0       0x3c src/ap/ap.o
 .debug_macro   0x0000000000000ddc       0x34 src/ap/ap.o
 .debug_macro   0x0000000000000e10       0x16 src/ap/ap.o
 .debug_macro   0x0000000000000e26       0x57 src/ap/ap.o
 .debug_macro   0x0000000000000e7d       0x97 src/ap/ap.o
 .debug_macro   0x0000000000000f14      0x339 src/ap/ap.o
 .debug_macro   0x000000000000124d       0xfd src/ap/ap.o
 .debug_macro   0x000000000000134a       0x10 src/ap/ap.o
 .debug_macro   0x000000000000135a       0x16 src/ap/ap.o
 .debug_macro   0x0000000000001370       0x43 src/ap/ap.o
 .debug_macro   0x00000000000013b3       0x34 src/ap/ap.o
 .debug_macro   0x00000000000013e7       0x10 src/ap/ap.o
 .debug_macro   0x00000000000013f7       0x58 src/ap/ap.o
 .debug_macro   0x000000000000144f       0x71 src/ap/ap.o
 .debug_macro   0x00000000000014c0       0x1c src/ap/ap.o
 .debug_macro   0x00000000000014dc      0x12a src/ap/ap.o
 .debug_macro   0x0000000000001606       0x10 src/ap/ap.o
 .debug_macro   0x0000000000001616       0x6a src/ap/ap.o
 .debug_macro   0x0000000000001680       0x1c src/ap/ap.o
 .debug_macro   0x000000000000169c       0x52 src/ap/ap.o
 .debug_macro   0x00000000000016ee       0x22 src/ap/ap.o
 .debug_macro   0x0000000000001710       0x10 src/ap/ap.o
 .debug_macro   0x0000000000001720       0x40 src/ap/ap.o
 .debug_macro   0x0000000000001760       0xd5 src/ap/ap.o
 .debug_macro   0x0000000000001835       0x1c src/ap/ap.o
 .debug_macro   0x0000000000001851       0x3d src/ap/ap.o
 .debug_macro   0x000000000000188e       0x16 src/ap/ap.o
 .debug_macro   0x00000000000018a4      0x145 src/ap/ap.o
 .debug_macro   0x00000000000019e9      0x103 src/ap/ap.o
 .debug_macro   0x0000000000001aec      0x1df src/ap/ap.o
 .debug_macro   0x0000000000001ccb       0x22 src/ap/ap.o
 .debug_macro   0x0000000000001ced      0x1de src/bsp/bsp.o
 .debug_macro   0x0000000000001ecb      0x1f2 src/hw/hw.o
 .debug_macro   0x00000000000020bd      0x206 src/main.o

.debug_line     0x0000000000000000     0x19e2
 .debug_line    0x0000000000000000      0x67f src/ap/ap.o
 .debug_line    0x000000000000067f      0x5f9 src/bsp/bsp.o
 .debug_line    0x0000000000000c78       0x8c src/bsp/startup/startup_stm32f103c8tx.o
 .debug_line    0x0000000000000d04      0x626 src/hw/hw.o
 .debug_line    0x000000000000132a      0x6b8 src/main.o

.debug_str      0x0000000000000000     0x7f67
 .debug_str     0x0000000000000000     0x7ec7 src/ap/ap.o
                                       0x8118 (size before relaxing)
 .debug_str     0x0000000000007ec7       0x31 src/bsp/bsp.o
                                       0x8107 (size before relaxing)
 .debug_str     0x0000000000007ef8       0x39 src/bsp/startup/startup_stm32f103c8tx.o
                                         0x76 (size before relaxing)
 .debug_str     0x0000000000007f31       0x16 src/hw/hw.o
                                       0x8103 (size before relaxing)
 .debug_str     0x0000000000007f47       0x20 src/main.o
                                       0x811b (size before relaxing)

.comment        0x0000000000000000       0x53
 .comment       0x0000000000000000       0x53 src/ap/ap.o
                                         0x54 (size before relaxing)
 .comment       0x0000000000000053       0x54 src/bsp/bsp.o
 .comment       0x0000000000000053       0x54 src/hw/hw.o
 .comment       0x0000000000000053       0x54 src/main.o

.debug_frame    0x0000000000000000      0x144
 .debug_frame   0x0000000000000000       0x48 src/ap/ap.o
 .debug_frame   0x0000000000000048       0x78 src/bsp/bsp.o
 .debug_frame   0x00000000000000c0       0x2c src/hw/hw.o
 .debug_frame   0x00000000000000ec       0x2c src/main.o
 .debug_frame   0x0000000000000118       0x2c c:/st/stm32cubeide_1.6.1/stm32cubeide/plugins/com.st.stm32cube.ide.mcu.externaltools.gnu-tools-for-stm32.9-2020-q2-update.win32_1.5.0.202011040924/tools/bin/../lib/gcc/arm-none-eabi/9.3.1/../../../../arm-none-eabi/lib/thumb/v7-m/nofp\libc_nano.a(lib_a-init.o)
